[0m12:45:29.243963 [debug] [MainThread]: Sending event: {'category': 'dbt', 'action': 'invocation', 'label': 'start', 'context': [<snowplow_tracker.self_describing_json.SelfDescribingJson object at 0x10b74d850>, <snowplow_tracker.self_describing_json.SelfDescribingJson object at 0x10b32c4a0>, <snowplow_tracker.self_describing_json.SelfDescribingJson object at 0x10bb04380>]}


============================== 12:45:29.257801 | dec729b2-1a0b-48cb-95c4-15d6bb575b13 ==============================
[0m12:45:29.257801 [info ] [MainThread]: Running with dbt=1.11.11
[0m12:45:29.258073 [debug] [MainThread]: running dbt with arguments {'cache_selected_only': 'False', 'write_json': 'True', 'introspect': 'True', 'send_anonymous_usage_stats': 'True', 'warn_error_options': 'WarnErrorOptionsV2(error=[], warn=[], silence=[])', 'warn_error': 'None', 'empty': 'None', 'profiles_dir': '/Users/gavin/.dbt', 'quiet': 'False', 'printer_width': '80', 'indirect_selection': 'eager', 'use_experimental_parser': 'False', 'fail_fast': 'False', 'no_print': 'None', 'use_colors': 'True', 'partial_parse': 'True', 'log_path': 'logs', 'static_parser': 'True', 'target_path': 'None', 'version_check': 'True', 'invocation_command': 'dbt init nyc_tax_warehouse', 'log_format': 'default', 'log_cache_events': 'False', 'debug': 'False'}
[0m12:45:29.282300 [debug] [MainThread]: Starter project path: /Users/gavin/portfolio/nyc-taxi-warehouse/.venv/lib/python3.12/site-packages/dbt/include/starter_project
[0m12:45:29.284817 [info ] [MainThread]: 
Your new dbt project "nyc_tax_warehouse" was created!

For more information on how to configure the profiles.yml file,
please consult the dbt documentation here:

  https://docs.getdbt.com/docs/configure-your-profile

One more thing:

Need help? Don't hesitate to reach out to us via GitHub issues or on Slack:

  https://community.getdbt.com/

Happy modeling!

[0m12:45:29.284962 [info ] [MainThread]: Setting up your profile.
[0m12:45:48.827942 [debug] [MainThread]: Resource report: {"command_name": "init", "command_success": true, "command_wall_clock_time": 19.613197, "process_in_blocks": "0", "process_kernel_time": 0.262339, "process_mem_max_rss": "157024256", "process_out_blocks": "0", "process_user_time": 1.210732}
[0m12:45:48.828260 [debug] [MainThread]: Command `dbt init` succeeded at 12:45:48.828209 after 19.61 seconds
[0m12:45:48.828432 [debug] [MainThread]: Sending event: {'category': 'dbt', 'action': 'invocation', 'label': 'end', 'context': [<snowplow_tracker.self_describing_json.SelfDescribingJson object at 0x10bd5dac0>, <snowplow_tracker.self_describing_json.SelfDescribingJson object at 0x10bb04380>, <snowplow_tracker.self_describing_json.SelfDescribingJson object at 0x10b2a89b0>]}
[0m12:45:48.828615 [debug] [MainThread]: Flushing usage events
[0m12:45:49.223122 [debug] [MainThread]: An error was encountered while trying to flush usage events
